c:\doches\ptr-sem5\labopattern\lab2_ptr\work\work\buttonmanager\src\xf\include\xf\event.h:43:13:XFEvent::~XFEvent()	0	static
c:\doches\ptr-sem5\labopattern\lab2_ptr\work\work\buttonmanager\src\xf\include\xf\event.h:64:18:virtual bool XFEvent::deleteAfterConsume() const	0	static
c:\doches\ptr-sem5\labopattern\lab2_ptr\work\work\buttonmanager\src\xf\include\xf\interface\timeoutmanager.h:35:18:virtual void interface::XFTimeoutManager::initialize(int32_t)	0	static
c:\doches\ptr-sem5\labopattern\lab2_ptr\work\work\buttonmanager\src\xf\include\xf\interface\timeoutmanager.h:43:21:virtual int32_t interface::XFTimeoutManager::getTickInterval() const	0	static
c:\doches\ptr-sem5\labopattern\lab2_ptr\work\work\buttonmanager\src\xf\include\xf\event.h:43:13:virtual XFEvent::~XFEvent()	8	static
C:/DocHES/Ptr-Sem5/LaboPattern/Lab2_PTR/work/work/ButtonManager/src/xf/port/default/timeoutmanager-default.cpp:36:6:virtual void XFTimeoutManagerDefault::start()	8	static
C:/DocHES/Ptr-Sem5/LaboPattern/Lab2_PTR/work/work/ButtonManager/src/xf/port/default/timeoutmanager-default.cpp:47:6:virtual void XFTimeoutManagerDefault::scheduleTimeout(int32_t, int32_t, interface::XFReactive*)	24	static
C:/DocHES/Ptr-Sem5/LaboPattern/Lab2_PTR/work/work/ButtonManager/src/xf/port/default/timeoutmanager-default.cpp:25:1:XFTimeoutManagerDefault::XFTimeoutManagerDefault()	8	static
C:/DocHES/Ptr-Sem5/LaboPattern/Lab2_PTR/work/work/ButtonManager/src/xf/port/default/timeoutmanager-default.cpp:19:31:static interface::XFTimeoutManager* XFTimeoutManagerDefault::getInstance()	8	static
C:/DocHES/Ptr-Sem5/LaboPattern/Lab2_PTR/work/work/ButtonManager/src/xf/port/default/timeoutmanager-default.cpp:14:31:static interface::XFTimeoutManager* interface::XFTimeoutManager::getInstance()	8	static
C:/DocHES/Ptr-Sem5/LaboPattern/Lab2_PTR/work/work/ButtonManager/src/xf/port/default/timeoutmanager-default.cpp:221:6:void XFTimeoutManagerDefault::returnTimeout(XFTimeout*)	8	static
c:\st\stm32cubeide_1.9.0\stm32cubeide\plugins\com.st.stm32cube.ide.mcu.externaltools.gnu-tools-for-stm32.10.3-2021.10.win32_1.0.0.202111181127\tools\arm-none-eabi\include\c++\10.3.1\bits\list.tcc:150:5:std::__cxx11::list<_Tp, _Alloc>::iterator std::__cxx11::list<_Tp, _Alloc>::erase(std::__cxx11::list<_Tp, _Alloc>::const_iterator) [with _Tp = XFTimeout*; _Alloc = std::allocator<XFTimeout*>]	16	static
C:/DocHES/Ptr-Sem5/LaboPattern/Lab2_PTR/work/work/ButtonManager/src/xf/port/default/timeoutmanager-default.cpp:95:6:virtual void XFTimeoutManagerDefault::tick()	24	static
C:/DocHES/Ptr-Sem5/LaboPattern/Lab2_PTR/work/work/ButtonManager/src/xf/port/default/timeoutmanager-default.cpp:57:6:virtual void XFTimeoutManagerDefault::unscheduleTimeout(int32_t, interface::XFReactive*)	48	static
c:\st\stm32cubeide_1.9.0\stm32cubeide\plugins\com.st.stm32cube.ide.mcu.externaltools.gnu-tools-for-stm32.10.3-2021.10.win32_1.0.0.202111181127\tools\arm-none-eabi\include\c++\10.3.1\bits\list.tcc:101:5:std::__cxx11::list<_Tp, _Alloc>::iterator std::__cxx11::list<_Tp, _Alloc>::insert(std::__cxx11::list<_Tp, _Alloc>::const_iterator, const value_type&) [with _Tp = XFTimeout*; _Alloc = std::allocator<XFTimeout*>]	32	static
C:/DocHES/Ptr-Sem5/LaboPattern/Lab2_PTR/work/work/ButtonManager/src/xf/port/default/timeoutmanager-default.cpp:156:6:virtual void XFTimeoutManagerDefault::addTimeout(XFTimeout*)	40	static
c:\st\stm32cubeide_1.9.0\stm32cubeide\plugins\com.st.stm32cube.ide.mcu.externaltools.gnu-tools-for-stm32.10.3-2021.10.win32_1.0.0.202111181127\tools\arm-none-eabi\include\c++\10.3.1\bits\list.tcc:66:5:void std::__cxx11::_List_base<_Tp, _Alloc>::_M_clear() [with _Tp = XFTimeout*; _Alloc = std::allocator<XFTimeout*>]	16	static
C:/DocHES/Ptr-Sem5/LaboPattern/Lab2_PTR/work/work/ButtonManager/src/xf/port/default/timeoutmanager-default.cpp:32:1:XFTimeoutManagerDefault::~XFTimeoutManagerDefault()	8	static
C:/DocHES/Ptr-Sem5/LaboPattern/Lab2_PTR/work/work/ButtonManager/src/xf/port/default/timeoutmanager-default.cpp:21:36:void __tcf_0()	8	static
C:/DocHES/Ptr-Sem5/LaboPattern/Lab2_PTR/work/work/ButtonManager/src/xf/port/default/timeoutmanager-default.cpp:32:1:virtual XFTimeoutManagerDefault::~XFTimeoutManagerDefault()	8	static
