C:/DocHES/Ptr-Sem5/LaboPattern/Lab2_PTR/work/work/ButtonManager/src/xf/core/behavior.cpp:61:6:virtual bool XFBehavior::deleteOnTerminate() const	0	static
C:/DocHES/Ptr-Sem5/LaboPattern/Lab2_PTR/work/work/ButtonManager/src/xf/core/behavior.cpp:66:6:virtual void XFBehavior::setDeleteOnTerminate(bool)	0	static
C:/DocHES/Ptr-Sem5/LaboPattern/Lab2_PTR/work/work/ButtonManager/src/xf/core/behavior.cpp:11:1:XFBehavior::XFBehavior(bool)	16	static
C:/DocHES/Ptr-Sem5/LaboPattern/Lab2_PTR/work/work/ButtonManager/src/xf/core/behavior.cpp:36:1:XFBehavior::~XFBehavior()	0	static
C:/DocHES/Ptr-Sem5/LaboPattern/Lab2_PTR/work/work/ButtonManager/src/xf/core/behavior.cpp:36:1:virtual XFBehavior::~XFBehavior()	8	static
C:/DocHES/Ptr-Sem5/LaboPattern/Lab2_PTR/work/work/ButtonManager/src/xf/core/behavior.cpp:84:27:interface::XFDispatcher* XFBehavior::getDispatcher()	0	static
C:/DocHES/Ptr-Sem5/LaboPattern/Lab2_PTR/work/work/ButtonManager/src/xf/core/behavior.cpp:41:6:virtual void XFBehavior::startBehavior()	16	static
C:/DocHES/Ptr-Sem5/LaboPattern/Lab2_PTR/work/work/ButtonManager/src/xf/core/behavior.cpp:53:6:virtual void XFBehavior::pushEvent(XFEvent*, bool)	16	static
C:/DocHES/Ptr-Sem5/LaboPattern/Lab2_PTR/work/work/ButtonManager/src/xf/core/behavior.cpp:89:6:void XFBehavior::setCurrentEvent(const XFEvent*)	0	static
C:/DocHES/Ptr-Sem5/LaboPattern/Lab2_PTR/work/work/ButtonManager/src/xf/core/behavior.cpp:71:31:virtual interface::XFReactive::TerminateBehavior XFBehavior::process(const XFEvent*)	16	static
C:/DocHES/Ptr-Sem5/LaboPattern/Lab2_PTR/work/work/ButtonManager/src/xf/core/behavior.cpp:94:17:const XFEvent* XFBehavior::getCurrentEvent() const	0	static
C:/DocHES/Ptr-Sem5/LaboPattern/Lab2_PTR/work/work/ButtonManager/src/xf/core/behavior.cpp:99:19:const XFTimeout* XFBehavior::getCurrentTimeout()	8	static
