c:\doches\ptr-sem5\labopattern\lab2_ptr\work\work\buttonmanager\src\xf\include\xf\event.h:43:13:XFEvent::~XFEvent()	0	static
c:\doches\ptr-sem5\labopattern\lab2_ptr\work\work\buttonmanager\src\xf\include\xf\event.h:64:18:virtual bool XFEvent::deleteAfterConsume() const	0	static
C:/DocHES/Ptr-Sem5/LaboPattern/Lab2_PTR/work/work/ButtonManager/src/xf/core/initialevent.cpp:8:6:virtual bool XFInitialEvent::deleteAfterConsume() const	0	static
c:\doches\ptr-sem5\labopattern\lab2_ptr\work\work\buttonmanager\src\xf\include\xf\initialevent.h:16:7:XFInitialEvent::~XFInitialEvent()	0	static
c:\doches\ptr-sem5\labopattern\lab2_ptr\work\work\buttonmanager\src\xf\include\xf\event.h:43:13:virtual XFEvent::~XFEvent()	8	static
c:\doches\ptr-sem5\labopattern\lab2_ptr\work\work\buttonmanager\src\xf\include\xf\initialevent.h:16:7:virtual XFInitialEvent::~XFInitialEvent()	8	static
C:/DocHES/Ptr-Sem5/LaboPattern/Lab2_PTR/work/work/ButtonManager/src/xf/core/initialevent.cpp:3:1:XFInitialEvent::XFInitialEvent()	0	static
