c:\doches\ptr-sem5\labopattern\lab2_ptr\work\work\buttonmanager\src\xf\include\xf\event.h:43:13:XFEvent::~XFEvent()	0	static
c:\doches\ptr-sem5\labopattern\lab2_ptr\work\work\buttonmanager\src\xf\include\xf\event.h:64:18:virtual bool XFEvent::deleteAfterConsume() const	0	static
C:/DocHES/Ptr-Sem5/LaboPattern/Lab2_PTR/work/work/ButtonManager/src/xf/core/timeout.cpp:16:6:virtual bool XFTimeout::deleteAfterConsume() const	0	static
c:\doches\ptr-sem5\labopattern\lab2_ptr\work\work\buttonmanager\src\xf\include\xf\timeout.h:27:7:XFTimeout::~XFTimeout()	0	static
c:\doches\ptr-sem5\labopattern\lab2_ptr\work\work\buttonmanager\src\xf\include\xf\event.h:43:13:virtual XFEvent::~XFEvent()	8	static
c:\doches\ptr-sem5\labopattern\lab2_ptr\work\work\buttonmanager\src\xf\include\xf\timeout.h:27:7:virtual XFTimeout::~XFTimeout()	8	static
C:/DocHES/Ptr-Sem5/LaboPattern/Lab2_PTR/work/work/ButtonManager/src/xf/core/timeout.cpp:3:1:XFTimeout::XFTimeout(int, int, interface::XFReactive*)	8	static
C:/DocHES/Ptr-Sem5/LaboPattern/Lab2_PTR/work/work/ButtonManager/src/xf/core/timeout.cpp:10:6:bool XFTimeout::operator==(const XFTimeout&) const	0	static
