C:/DocHES/Ptr-Sem5/LaboPattern/Lab2_PTR/work/work/ButtonManager/ide-touchgfx-gen/Middlewares/ST/touchgfx/framework/include/touchgfx/Drawable.hpp:134:23:virtual touchgfx::Drawable* touchgfx::Drawable::getFirstChild()	0	static
C:/DocHES/Ptr-Sem5/LaboPattern/Lab2_PTR/work/work/ButtonManager/ide-touchgfx-gen/Middlewares/ST/touchgfx/framework/include/touchgfx/Drawable.hpp:271:18:virtual void touchgfx::Drawable::setX(int16_t)	0	static
C:/DocHES/Ptr-Sem5/LaboPattern/Lab2_PTR/work/work/ButtonManager/ide-touchgfx-gen/Middlewares/ST/touchgfx/framework/include/touchgfx/Drawable.hpp:283:18:virtual void touchgfx::Drawable::setY(int16_t)	0	static
C:/DocHES/Ptr-Sem5/LaboPattern/Lab2_PTR/work/work/ButtonManager/ide-touchgfx-gen/Middlewares/ST/touchgfx/framework/include/touchgfx/Drawable.hpp:312:18:virtual void touchgfx::Drawable::setWidth(int16_t)	0	static
C:/DocHES/Ptr-Sem5/LaboPattern/Lab2_PTR/work/work/ButtonManager/ide-touchgfx-gen/Middlewares/ST/touchgfx/framework/include/touchgfx/Drawable.hpp:324:18:virtual void touchgfx::Drawable::setHeight(int16_t)	0	static
C:/DocHES/Ptr-Sem5/LaboPattern/Lab2_PTR/work/work/ButtonManager/ide-touchgfx-gen/Middlewares/ST/touchgfx/framework/include/touchgfx/Drawable.hpp:334:18:virtual void touchgfx::Drawable::childGeometryChanged()	0	static
C:/DocHES/Ptr-Sem5/LaboPattern/Lab2_PTR/work/work/ButtonManager/ide-touchgfx-gen/Middlewares/ST/touchgfx/framework/include/touchgfx/Drawable.hpp:345:18:virtual void touchgfx::Drawable::handleClickEvent(const touchgfx::ClickEvent&)	0	static
C:/DocHES/Ptr-Sem5/LaboPattern/Lab2_PTR/work/work/ButtonManager/ide-touchgfx-gen/Middlewares/ST/touchgfx/framework/include/touchgfx/Drawable.hpp:356:18:virtual void touchgfx::Drawable::handleGestureEvent(const touchgfx::GestureEvent&)	0	static
C:/DocHES/Ptr-Sem5/LaboPattern/Lab2_PTR/work/work/ButtonManager/ide-touchgfx-gen/Middlewares/ST/touchgfx/framework/include/touchgfx/Drawable.hpp:444:18:virtual void touchgfx::Drawable::handleDragEvent(const touchgfx::DragEvent&)	0	static
C:/DocHES/Ptr-Sem5/LaboPattern/Lab2_PTR/work/work/ButtonManager/ide-touchgfx-gen/Middlewares/ST/touchgfx/framework/include/touchgfx/Drawable.hpp:454:18:virtual void touchgfx::Drawable::handleTickEvent()	0	static
C:/DocHES/Ptr-Sem5/LaboPattern/Lab2_PTR/work/work/ButtonManager/ide-touchgfx-gen/Middlewares/ST/touchgfx/framework/include/touchgfx/Drawable.hpp:541:18:virtual void touchgfx::Drawable::moveTo(int16_t, int16_t)	8	static
C:/DocHES/Ptr-Sem5/LaboPattern/Lab2_PTR/work/work/ButtonManager/ide-touchgfx-gen/Middlewares/ST/touchgfx/framework/include/touchgfx/Drawable.hpp:656:18:virtual void touchgfx::Drawable::setupDrawChain(const touchgfx::Rect&, touchgfx::Drawable**)	0	static
C:/DocHES/Ptr-Sem5/LaboPattern/Lab2_PTR/work/work/ButtonManager/ide-touchgfx-gen/Middlewares/ST/touchgfx/framework/include/touchgfx/containers/Container.hpp:154:23:virtual touchgfx::Drawable* touchgfx::Container::getFirstChild()	0	static
C:/DocHES/Ptr-Sem5/LaboPattern/Lab2_PTR/work/work/ButtonManager/ide-touchgfx-gen/Middlewares/ST/touchgfx/framework/include/touchgfx/widgets/Widget.hpp:50:18:virtual void touchgfx::Widget::getLastChild(int16_t, int16_t, touchgfx::Drawable**)	0	static
C:/DocHES/Ptr-Sem5/LaboPattern/Lab2_PTR/work/work/ButtonManager/ide-touchgfx-gen/Middlewares/ST/touchgfx/framework/source/touchgfx/containers/progress_indicators/CircleProgress.cpp:45:6:virtual void touchgfx::CircleProgress::getCenter(int&, int&) const	0	static
C:/DocHES/Ptr-Sem5/LaboPattern/Lab2_PTR/work/work/ButtonManager/ide-touchgfx-gen/Middlewares/ST/touchgfx/framework/source/touchgfx/containers/progress_indicators/CircleProgress.cpp:50:6:virtual void touchgfx::CircleProgress::setRadius(int)	0	static
C:/DocHES/Ptr-Sem5/LaboPattern/Lab2_PTR/work/work/ButtonManager/ide-touchgfx-gen/Middlewares/ST/touchgfx/framework/source/touchgfx/containers/progress_indicators/CircleProgress.cpp:55:5:virtual int touchgfx::CircleProgress::getRadius() const	0	static
C:/DocHES/Ptr-Sem5/LaboPattern/Lab2_PTR/work/work/ButtonManager/ide-touchgfx-gen/Middlewares/ST/touchgfx/framework/source/touchgfx/containers/progress_indicators/CircleProgress.cpp:62:6:virtual void touchgfx::CircleProgress::setLineWidth(int)	0	static
C:/DocHES/Ptr-Sem5/LaboPattern/Lab2_PTR/work/work/ButtonManager/ide-touchgfx-gen/Middlewares/ST/touchgfx/framework/source/touchgfx/containers/progress_indicators/CircleProgress.cpp:67:5:virtual int touchgfx::CircleProgress::getLineWidth() const	0	static
C:/DocHES/Ptr-Sem5/LaboPattern/Lab2_PTR/work/work/ButtonManager/ide-touchgfx-gen/Middlewares/ST/touchgfx/framework/source/touchgfx/containers/progress_indicators/CircleProgress.cpp:87:5:virtual int touchgfx::CircleProgress::getStartAngle() const	0	static
C:/DocHES/Ptr-Sem5/LaboPattern/Lab2_PTR/work/work/ButtonManager/ide-touchgfx-gen/Middlewares/ST/touchgfx/framework/source/touchgfx/containers/progress_indicators/CircleProgress.cpp:92:5:virtual int touchgfx::CircleProgress::getEndAngle() const	0	static
C:/DocHES/Ptr-Sem5/LaboPattern/Lab2_PTR/work/work/ButtonManager/ide-touchgfx-gen/Middlewares/ST/touchgfx/framework/source/touchgfx/containers/progress_indicators/CircleProgress.cpp:97:6:virtual void touchgfx::CircleProgress::setAlpha(uint8_t)	0	static
C:/DocHES/Ptr-Sem5/LaboPattern/Lab2_PTR/work/work/ButtonManager/ide-touchgfx-gen/Middlewares/ST/touchgfx/framework/source/touchgfx/containers/progress_indicators/CircleProgress.cpp:102:9:virtual uint8_t touchgfx::CircleProgress::getAlpha() const	0	static
C:/DocHES/Ptr-Sem5/LaboPattern/Lab2_PTR/work/work/ButtonManager/ide-touchgfx-gen/Middlewares/ST/touchgfx/framework/source/touchgfx/containers/progress_indicators/CircleProgress.cpp:40:6:virtual void touchgfx::CircleProgress::setCenter(int, int)	0	static
C:/DocHES/Ptr-Sem5/LaboPattern/Lab2_PTR/work/work/ButtonManager/ide-touchgfx-gen/Middlewares/ST/touchgfx/framework/include/touchgfx/containers/progress_indicators/CircleProgress.hpp:38:7:touchgfx::CircleProgress::~CircleProgress()	8	static
C:/DocHES/Ptr-Sem5/LaboPattern/Lab2_PTR/work/work/ButtonManager/ide-touchgfx-gen/Middlewares/ST/touchgfx/framework/source/touchgfx/containers/progress_indicators/CircleProgress.cpp:35:6:virtual void touchgfx::CircleProgress::setPainter(touchgfx::AbstractPainter&)	8	static
C:/DocHES/Ptr-Sem5/LaboPattern/Lab2_PTR/work/work/ButtonManager/ide-touchgfx-gen/Middlewares/ST/touchgfx/framework/source/touchgfx/containers/progress_indicators/CircleProgress.cpp:74:6:virtual void touchgfx::CircleProgress::setCapPrecision(int)	8	static
C:/DocHES/Ptr-Sem5/LaboPattern/Lab2_PTR/work/work/ButtonManager/ide-touchgfx-gen/Middlewares/ST/touchgfx/framework/include/touchgfx/containers/progress_indicators/CircleProgress.hpp:122:17:virtual int touchgfx::CircleProgress::getCapPrecision() const	8	static
C:/DocHES/Ptr-Sem5/LaboPattern/Lab2_PTR/work/work/ButtonManager/ide-touchgfx-gen/Middlewares/ST/touchgfx/framework/include/touchgfx/containers/progress_indicators/CircleProgress.hpp:38:7:virtual touchgfx::CircleProgress::~CircleProgress()	16	static
C:/DocHES/Ptr-Sem5/LaboPattern/Lab2_PTR/work/work/ButtonManager/ide-touchgfx-gen/Middlewares/ST/touchgfx/framework/source/touchgfx/containers/progress_indicators/CircleProgress.cpp:28:6:virtual void touchgfx::CircleProgress::setProgressIndicatorPosition(int16_t, int16_t, int16_t, int16_t)	40	static
C:/DocHES/Ptr-Sem5/LaboPattern/Lab2_PTR/work/work/ButtonManager/ide-touchgfx-gen/Middlewares/ST/touchgfx/framework/source/touchgfx/containers/progress_indicators/CircleProgress.cpp:107:6:virtual void touchgfx::CircleProgress::setValue(int)	32	static
C:/DocHES/Ptr-Sem5/LaboPattern/Lab2_PTR/work/work/ButtonManager/ide-touchgfx-gen/Middlewares/ST/touchgfx/framework/source/touchgfx/containers/progress_indicators/CircleProgress.cpp:79:6:virtual void touchgfx::CircleProgress::setStartEndAngle(int, int)	8	static
C:/DocHES/Ptr-Sem5/LaboPattern/Lab2_PTR/work/work/ButtonManager/ide-touchgfx-gen/Middlewares/ST/touchgfx/framework/source/touchgfx/containers/progress_indicators/CircleProgress.cpp:20:1:touchgfx::CircleProgress::CircleProgress()	24	static
