C:/DocHES/Ptr-Sem5/LaboPattern/Lab2_PTR/work/work/ButtonManager/ide-touchgfx-gen/Middlewares/ST/touchgfx/framework/include/touchgfx/Drawable.hpp:134:23:virtual touchgfx::Drawable* touchgfx::Drawable::getFirstChild()	0	static
C:/DocHES/Ptr-Sem5/LaboPattern/Lab2_PTR/work/work/ButtonManager/ide-touchgfx-gen/Middlewares/ST/touchgfx/framework/include/touchgfx/Drawable.hpp:271:18:virtual void touchgfx::Drawable::setX(int16_t)	0	static
C:/DocHES/Ptr-Sem5/LaboPattern/Lab2_PTR/work/work/ButtonManager/ide-touchgfx-gen/Middlewares/ST/touchgfx/framework/include/touchgfx/Drawable.hpp:283:18:virtual void touchgfx::Drawable::setY(int16_t)	0	static
C:/DocHES/Ptr-Sem5/LaboPattern/Lab2_PTR/work/work/ButtonManager/ide-touchgfx-gen/Middlewares/ST/touchgfx/framework/include/touchgfx/Drawable.hpp:312:18:virtual void touchgfx::Drawable::setWidth(int16_t)	0	static
C:/DocHES/Ptr-Sem5/LaboPattern/Lab2_PTR/work/work/ButtonManager/ide-touchgfx-gen/Middlewares/ST/touchgfx/framework/include/touchgfx/Drawable.hpp:324:18:virtual void touchgfx::Drawable::setHeight(int16_t)	0	static
C:/DocHES/Ptr-Sem5/LaboPattern/Lab2_PTR/work/work/ButtonManager/ide-touchgfx-gen/Middlewares/ST/touchgfx/framework/include/touchgfx/Drawable.hpp:334:18:virtual void touchgfx::Drawable::childGeometryChanged()	0	static
C:/DocHES/Ptr-Sem5/LaboPattern/Lab2_PTR/work/work/ButtonManager/ide-touchgfx-gen/Middlewares/ST/touchgfx/framework/include/touchgfx/Drawable.hpp:345:18:virtual void touchgfx::Drawable::handleClickEvent(const touchgfx::ClickEvent&)	0	static
C:/DocHES/Ptr-Sem5/LaboPattern/Lab2_PTR/work/work/ButtonManager/ide-touchgfx-gen/Middlewares/ST/touchgfx/framework/include/touchgfx/Drawable.hpp:356:18:virtual void touchgfx::Drawable::handleGestureEvent(const touchgfx::GestureEvent&)	0	static
C:/DocHES/Ptr-Sem5/LaboPattern/Lab2_PTR/work/work/ButtonManager/ide-touchgfx-gen/Middlewares/ST/touchgfx/framework/include/touchgfx/Drawable.hpp:444:18:virtual void touchgfx::Drawable::handleDragEvent(const touchgfx::DragEvent&)	0	static
C:/DocHES/Ptr-Sem5/LaboPattern/Lab2_PTR/work/work/ButtonManager/ide-touchgfx-gen/Middlewares/ST/touchgfx/framework/include/touchgfx/Drawable.hpp:454:18:virtual void touchgfx::Drawable::handleTickEvent()	0	static
C:/DocHES/Ptr-Sem5/LaboPattern/Lab2_PTR/work/work/ButtonManager/ide-touchgfx-gen/Middlewares/ST/touchgfx/framework/include/touchgfx/Drawable.hpp:541:18:virtual void touchgfx::Drawable::moveTo(int16_t, int16_t)	8	static
C:/DocHES/Ptr-Sem5/LaboPattern/Lab2_PTR/work/work/ButtonManager/ide-touchgfx-gen/Middlewares/ST/touchgfx/framework/include/touchgfx/Drawable.hpp:656:18:virtual void touchgfx::Drawable::setupDrawChain(const touchgfx::Rect&, touchgfx::Drawable**)	0	static
C:/DocHES/Ptr-Sem5/LaboPattern/Lab2_PTR/work/work/ButtonManager/ide-touchgfx-gen/Middlewares/ST/touchgfx/framework/include/touchgfx/containers/Container.hpp:154:23:virtual touchgfx::Drawable* touchgfx::Container::getFirstChild()	0	static
C:/DocHES/Ptr-Sem5/LaboPattern/Lab2_PTR/work/work/ButtonManager/ide-touchgfx-gen/Middlewares/ST/touchgfx/framework/include/touchgfx/widgets/Widget.hpp:50:18:virtual void touchgfx::Widget::getLastChild(int16_t, int16_t, touchgfx::Drawable**)	0	static
C:/DocHES/Ptr-Sem5/LaboPattern/Lab2_PTR/work/work/ButtonManager/ide-touchgfx-gen/Middlewares/ST/touchgfx/framework/source/touchgfx/containers/progress_indicators/ImageProgress.cpp:34:6:virtual void touchgfx::ImageProgress::setAnchorAtZero(bool)	16	static
C:/DocHES/Ptr-Sem5/LaboPattern/Lab2_PTR/work/work/ButtonManager/ide-touchgfx-gen/Middlewares/ST/touchgfx/framework/source/touchgfx/containers/progress_indicators/ImageProgress.cpp:40:6:virtual bool touchgfx::ImageProgress::getAnchorAtZero() const	0	static
C:/DocHES/Ptr-Sem5/LaboPattern/Lab2_PTR/work/work/ButtonManager/ide-touchgfx-gen/Middlewares/ST/touchgfx/framework/source/touchgfx/containers/progress_indicators/ImageProgress.cpp:55:6:virtual void touchgfx::ImageProgress::setAlpha(uint8_t)	0	static
C:/DocHES/Ptr-Sem5/LaboPattern/Lab2_PTR/work/work/ButtonManager/ide-touchgfx-gen/Middlewares/ST/touchgfx/framework/source/touchgfx/containers/progress_indicators/ImageProgress.cpp:60:9:virtual uint8_t touchgfx::ImageProgress::getAlpha() const	0	static
C:/DocHES/Ptr-Sem5/LaboPattern/Lab2_PTR/work/work/ButtonManager/ide-touchgfx-gen/Middlewares/ST/touchgfx/framework/include/touchgfx/containers/progress_indicators/ImageProgress.hpp:36:7:touchgfx::ImageProgress::~ImageProgress()	12	static
C:/DocHES/Ptr-Sem5/LaboPattern/Lab2_PTR/work/work/ButtonManager/ide-touchgfx-gen/Middlewares/ST/touchgfx/framework/include/touchgfx/containers/progress_indicators/ImageProgress.hpp:36:7:virtual touchgfx::ImageProgress::~ImageProgress()	16	static
C:/DocHES/Ptr-Sem5/LaboPattern/Lab2_PTR/work/work/ButtonManager/ide-touchgfx-gen/Middlewares/ST/touchgfx/framework/source/touchgfx/containers/progress_indicators/ImageProgress.cpp:45:6:virtual void touchgfx::ImageProgress::setBitmap(touchgfx::BitmapId)	16	static
C:/DocHES/Ptr-Sem5/LaboPattern/Lab2_PTR/work/work/ButtonManager/ide-touchgfx-gen/Middlewares/ST/touchgfx/framework/source/touchgfx/containers/progress_indicators/ImageProgress.cpp:50:10:virtual touchgfx::BitmapId touchgfx::ImageProgress::getBitmap() const	8	static
C:/DocHES/Ptr-Sem5/LaboPattern/Lab2_PTR/work/work/ButtonManager/ide-touchgfx-gen/Middlewares/ST/touchgfx/framework/source/touchgfx/containers/progress_indicators/ImageProgress.cpp:27:6:virtual void touchgfx::ImageProgress::setProgressIndicatorPosition(int16_t, int16_t, int16_t, int16_t)	40	static
C:/DocHES/Ptr-Sem5/LaboPattern/Lab2_PTR/work/work/ButtonManager/ide-touchgfx-gen/Middlewares/ST/touchgfx/framework/source/touchgfx/containers/progress_indicators/ImageProgress.cpp:20:1:touchgfx::ImageProgress::ImageProgress()	40	static
C:/DocHES/Ptr-Sem5/LaboPattern/Lab2_PTR/work/work/ButtonManager/ide-touchgfx-gen/Middlewares/ST/touchgfx/framework/include/touchgfx/Utils.hpp:115:3:T touchgfx::abs(T) [with T = int]	0	static
C:/DocHES/Ptr-Sem5/LaboPattern/Lab2_PTR/work/work/ButtonManager/ide-touchgfx-gen/Middlewares/ST/touchgfx/framework/source/touchgfx/containers/progress_indicators/ImageProgress.cpp:65:6:virtual void touchgfx::ImageProgress::setValue(int)	40	static
