C:/DocHES/Ptr-Sem5/LaboPattern/Lab2_PTR/work/work/ButtonManager/ide-touchgfx-gen/Middlewares/ST/touchgfx/framework/include/touchgfx/Drawable.hpp:271:18:virtual void touchgfx::Drawable::setX(int16_t)	0	static
C:/DocHES/Ptr-Sem5/LaboPattern/Lab2_PTR/work/work/ButtonManager/ide-touchgfx-gen/Middlewares/ST/touchgfx/framework/include/touchgfx/Drawable.hpp:283:18:virtual void touchgfx::Drawable::setY(int16_t)	0	static
C:/DocHES/Ptr-Sem5/LaboPattern/Lab2_PTR/work/work/ButtonManager/ide-touchgfx-gen/Middlewares/ST/touchgfx/framework/include/touchgfx/Drawable.hpp:334:18:virtual void touchgfx::Drawable::childGeometryChanged()	0	static
C:/DocHES/Ptr-Sem5/LaboPattern/Lab2_PTR/work/work/ButtonManager/ide-touchgfx-gen/Middlewares/ST/touchgfx/framework/include/touchgfx/Drawable.hpp:541:18:virtual void touchgfx::Drawable::moveTo(int16_t, int16_t)	8	static
C:/DocHES/Ptr-Sem5/LaboPattern/Lab2_PTR/work/work/ButtonManager/ide-touchgfx-gen/Middlewares/ST/touchgfx/framework/include/touchgfx/containers/Container.hpp:154:23:virtual touchgfx::Drawable* touchgfx::Container::getFirstChild()	0	static
C:/DocHES/Ptr-Sem5/LaboPattern/Lab2_PTR/work/work/ButtonManager/ide-touchgfx-gen/Middlewares/ST/touchgfx/framework/source/touchgfx/containers/scrollers/ScrollList.cpp:147:6:virtual void touchgfx::ScrollList::handleClickEvent(const touchgfx::ClickEvent&)	16	static
C:/DocHES/Ptr-Sem5/LaboPattern/Lab2_PTR/work/work/ButtonManager/ide-touchgfx-gen/Middlewares/ST/touchgfx/framework/source/touchgfx/containers/scrollers/ScrollList.cpp:220:9:virtual int32_t touchgfx::ScrollList::keepOffsetInsideLimits(int32_t, int16_t) const	24	static
C:/DocHES/Ptr-Sem5/LaboPattern/Lab2_PTR/work/work/ButtonManager/ide-touchgfx-gen/Middlewares/ST/touchgfx/framework/include/touchgfx/containers/scrollers/ScrollList.hpp:34:7:touchgfx::ScrollList::~ScrollList()	0	static
C:/DocHES/Ptr-Sem5/LaboPattern/Lab2_PTR/work/work/ButtonManager/ide-touchgfx-gen/Middlewares/ST/touchgfx/framework/source/touchgfx/containers/scrollers/ScrollList.cpp:28:6:virtual void touchgfx::ScrollList::setDrawables(touchgfx::DrawableListItemsInterface&, touchgfx::GenericCallback<touchgfx::DrawableListItemsInterface*, short int, short int>&)	16	static
C:/DocHES/Ptr-Sem5/LaboPattern/Lab2_PTR/work/work/ButtonManager/ide-touchgfx-gen/Middlewares/ST/touchgfx/framework/include/touchgfx/containers/scrollers/ScrollBase.hpp:354:18:virtual void touchgfx::ScrollBase::initialize()	8	static
C:/DocHES/Ptr-Sem5/LaboPattern/Lab2_PTR/work/work/ButtonManager/ide-touchgfx-gen/Middlewares/ST/touchgfx/framework/source/touchgfx/containers/scrollers/ScrollList.cpp:209:9:virtual int32_t touchgfx::ScrollList::getNearestAlignedOffset(int32_t) const	8	static
C:/DocHES/Ptr-Sem5/LaboPattern/Lab2_PTR/work/work/ButtonManager/ide-touchgfx-gen/Middlewares/ST/touchgfx/framework/include/touchgfx/containers/scrollers/ScrollList.hpp:34:7:virtual touchgfx::ScrollList::~ScrollList()	8	static
C:/DocHES/Ptr-Sem5/LaboPattern/Lab2_PTR/work/work/ButtonManager/ide-touchgfx-gen/Middlewares/ST/touchgfx/framework/source/touchgfx/containers/scrollers/ScrollList.cpp:20:1:touchgfx::ScrollList::ScrollList()	8	static
C:/DocHES/Ptr-Sem5/LaboPattern/Lab2_PTR/work/work/ButtonManager/ide-touchgfx-gen/Middlewares/ST/touchgfx/framework/source/touchgfx/containers/scrollers/ScrollList.cpp:36:6:void touchgfx::ScrollList::setWindowSize(int16_t)	16	static
C:/DocHES/Ptr-Sem5/LaboPattern/Lab2_PTR/work/work/ButtonManager/ide-touchgfx-gen/Middlewares/ST/touchgfx/framework/source/touchgfx/containers/scrollers/ScrollList.cpp:42:6:void touchgfx::ScrollList::setPadding(int16_t, int16_t)	16	static
C:/DocHES/Ptr-Sem5/LaboPattern/Lab2_PTR/work/work/ButtonManager/ide-touchgfx-gen/Middlewares/ST/touchgfx/framework/source/touchgfx/containers/scrollers/ScrollList.cpp:51:9:int16_t touchgfx::ScrollList::getPaddingBefore() const	0	static
C:/DocHES/Ptr-Sem5/LaboPattern/Lab2_PTR/work/work/ButtonManager/ide-touchgfx-gen/Middlewares/ST/touchgfx/framework/source/touchgfx/containers/scrollers/ScrollList.cpp:56:9:int16_t touchgfx::ScrollList::getPaddingAfter() const	0	static
C:/DocHES/Ptr-Sem5/LaboPattern/Lab2_PTR/work/work/ButtonManager/ide-touchgfx-gen/Middlewares/ST/touchgfx/framework/source/touchgfx/containers/scrollers/ScrollList.cpp:61:6:void touchgfx::ScrollList::setSnapping(bool)	16	static
C:/DocHES/Ptr-Sem5/LaboPattern/Lab2_PTR/work/work/ButtonManager/ide-touchgfx-gen/Middlewares/ST/touchgfx/framework/source/touchgfx/containers/scrollers/ScrollList.cpp:70:6:bool touchgfx::ScrollList::getSnapping() const	0	static
C:/DocHES/Ptr-Sem5/LaboPattern/Lab2_PTR/work/work/ButtonManager/ide-touchgfx-gen/Middlewares/ST/touchgfx/framework/include/touchgfx/Utils.hpp:115:3:T touchgfx::abs(T) [with T = long int]	0	static
C:/DocHES/Ptr-Sem5/LaboPattern/Lab2_PTR/work/work/ButtonManager/ide-touchgfx-gen/Middlewares/ST/touchgfx/framework/source/touchgfx/containers/scrollers/ScrollList.cpp:75:9:virtual int32_t touchgfx::ScrollList::getPositionForItem(int16_t)	32	static
