../Core/Src/stm32f7xx_hal_msp.c:724:13:HAL_FMC_MspDeInit	8	static
../Core/Src/stm32f7xx_hal_msp.c:64:6:HAL_MspInit	8	static
../Core/Src/stm32f7xx_hal_msp.c:86:6:HAL_CRC_MspInit	0	static
../Core/Src/stm32f7xx_hal_msp.c:108:6:HAL_CRC_MspDeInit	0	static
../Core/Src/stm32f7xx_hal_msp.c:130:6:HAL_DMA2D_MspInit	0	static
../Core/Src/stm32f7xx_hal_msp.c:155:6:HAL_DMA2D_MspDeInit	8	static
../Core/Src/stm32f7xx_hal_msp.c:180:6:HAL_I2C_MspInit	168	static
../Core/Src/stm32f7xx_hal_msp.c:226:6:HAL_I2C_MspDeInit	8	static
../Core/Src/stm32f7xx_hal_msp.c:257:6:HAL_LTDC_MspInit	160	static
../Core/Src/stm32f7xx_hal_msp.c:376:6:HAL_LTDC_MspDeInit	8	static
../Core/Src/stm32f7xx_hal_msp.c:445:6:HAL_SPI_MspInit	48	static
../Core/Src/stm32f7xx_hal_msp.c:490:6:HAL_SPI_MspDeInit	8	static
../Core/Src/stm32f7xx_hal_msp.c:522:6:HAL_UART_MspInit	184	static
../Core/Src/stm32f7xx_hal_msp.c:577:6:HAL_UART_MspDeInit	8	static
../Core/Src/stm32f7xx_hal_msp.c:712:6:HAL_SDRAM_MspInit	0	static
../Core/Src/stm32f7xx_hal_msp.c:798:6:HAL_SDRAM_MspDeInit	8	static
