C:/DocHES/Ptr-Sem5/LaboPattern/Lab2_PTR/work/work/ButtonManager/ide-touchgfx-gen/Middlewares/ST/touchgfx/framework/include/platform/core/MCUInstrumentation.hpp:70:18:virtual void touchgfx::MCUInstrumentation::setMCUActive(bool)	8	static
C:/DocHES/Ptr-Sem5/LaboPattern/Lab2_PTR/work/work/ButtonManager/ide-touchgfx-gen/Middlewares/ST/touchgfx/framework/include/platform/core/MCUInstrumentation.hpp:88:22:virtual uint32_t touchgfx::MCUInstrumentation::getCCConsumed()	0	static
C:/DocHES/Ptr-Sem5/LaboPattern/Lab2_PTR/work/work/ButtonManager/ide-touchgfx-gen/Middlewares/ST/touchgfx/framework/include/platform/core/MCUInstrumentation.hpp:98:18:virtual void touchgfx::MCUInstrumentation::setCCConsumed(uint32_t)	0	static
C:/DocHES/Ptr-Sem5/LaboPattern/Lab2_PTR/work/work/ButtonManager/ide-touchgfx-gen/TouchGFX/target/CortexMMCUInstrumentation.cpp:6:6:virtual void touchgfx::CortexMMCUInstrumentation::init()	0	static
C:/DocHES/Ptr-Sem5/LaboPattern/Lab2_PTR/work/work/ButtonManager/ide-touchgfx-gen/TouchGFX/target/CortexMMCUInstrumentation.cpp:26:14:virtual unsigned int touchgfx::CortexMMCUInstrumentation::getElapsedUS(unsigned int, unsigned int, unsigned int)	0	static
C:/DocHES/Ptr-Sem5/LaboPattern/Lab2_PTR/work/work/ButtonManager/ide-touchgfx-gen/TouchGFX/target/CortexMMCUInstrumentation.cpp:31:14:virtual unsigned int touchgfx::CortexMMCUInstrumentation::getCPUCycles()	0	static
C:/DocHES/Ptr-Sem5/LaboPattern/Lab2_PTR/work/work/ButtonManager/ide-touchgfx-gen/TouchGFX/target/CortexMMCUInstrumentation.cpp:36:6:virtual void touchgfx::CortexMMCUInstrumentation::setMCUActive(bool)	8	static
C:/DocHES/Ptr-Sem5/LaboPattern/Lab2_PTR/work/work/ButtonManager/ide-touchgfx-gen/TouchGFX/target/CortexMMCUInstrumentation.hpp:20:7:touchgfx::CortexMMCUInstrumentation::~CortexMMCUInstrumentation()	0	static
C:/DocHES/Ptr-Sem5/LaboPattern/Lab2_PTR/work/work/ButtonManager/ide-touchgfx-gen/TouchGFX/target/CortexMMCUInstrumentation.hpp:20:7:virtual touchgfx::CortexMMCUInstrumentation::~CortexMMCUInstrumentation()	8	static
