C:/DocHES/Ptr-Sem5/LaboPattern/Lab2_PTR/work/work/ButtonManager/ide-touchgfx-gen/Middlewares/ST/touchgfx/framework/include/touchgfx/Drawable.hpp:134:23:virtual touchgfx::Drawable* touchgfx::Drawable::getFirstChild()	0	static
C:/DocHES/Ptr-Sem5/LaboPattern/Lab2_PTR/work/work/ButtonManager/ide-touchgfx-gen/Middlewares/ST/touchgfx/framework/include/touchgfx/Drawable.hpp:271:18:virtual void touchgfx::Drawable::setX(int16_t)	0	static
C:/DocHES/Ptr-Sem5/LaboPattern/Lab2_PTR/work/work/ButtonManager/ide-touchgfx-gen/Middlewares/ST/touchgfx/framework/include/touchgfx/Drawable.hpp:283:18:virtual void touchgfx::Drawable::setY(int16_t)	0	static
C:/DocHES/Ptr-Sem5/LaboPattern/Lab2_PTR/work/work/ButtonManager/ide-touchgfx-gen/Middlewares/ST/touchgfx/framework/include/touchgfx/Drawable.hpp:312:18:virtual void touchgfx::Drawable::setWidth(int16_t)	0	static
C:/DocHES/Ptr-Sem5/LaboPattern/Lab2_PTR/work/work/ButtonManager/ide-touchgfx-gen/Middlewares/ST/touchgfx/framework/include/touchgfx/Drawable.hpp:324:18:virtual void touchgfx::Drawable::setHeight(int16_t)	0	static
C:/DocHES/Ptr-Sem5/LaboPattern/Lab2_PTR/work/work/ButtonManager/ide-touchgfx-gen/Middlewares/ST/touchgfx/framework/include/touchgfx/Drawable.hpp:334:18:virtual void touchgfx::Drawable::childGeometryChanged()	0	static
C:/DocHES/Ptr-Sem5/LaboPattern/Lab2_PTR/work/work/ButtonManager/ide-touchgfx-gen/Middlewares/ST/touchgfx/framework/include/touchgfx/Drawable.hpp:345:18:virtual void touchgfx::Drawable::handleClickEvent(const touchgfx::ClickEvent&)	0	static
C:/DocHES/Ptr-Sem5/LaboPattern/Lab2_PTR/work/work/ButtonManager/ide-touchgfx-gen/Middlewares/ST/touchgfx/framework/include/touchgfx/Drawable.hpp:356:18:virtual void touchgfx::Drawable::handleGestureEvent(const touchgfx::GestureEvent&)	0	static
C:/DocHES/Ptr-Sem5/LaboPattern/Lab2_PTR/work/work/ButtonManager/ide-touchgfx-gen/Middlewares/ST/touchgfx/framework/include/touchgfx/Drawable.hpp:444:18:virtual void touchgfx::Drawable::handleDragEvent(const touchgfx::DragEvent&)	0	static
C:/DocHES/Ptr-Sem5/LaboPattern/Lab2_PTR/work/work/ButtonManager/ide-touchgfx-gen/Middlewares/ST/touchgfx/framework/include/touchgfx/Drawable.hpp:454:18:virtual void touchgfx::Drawable::handleTickEvent()	0	static
C:/DocHES/Ptr-Sem5/LaboPattern/Lab2_PTR/work/work/ButtonManager/ide-touchgfx-gen/Middlewares/ST/touchgfx/framework/include/touchgfx/Drawable.hpp:541:18:virtual void touchgfx::Drawable::moveTo(int16_t, int16_t)	8	static
C:/DocHES/Ptr-Sem5/LaboPattern/Lab2_PTR/work/work/ButtonManager/ide-touchgfx-gen/Middlewares/ST/touchgfx/framework/include/touchgfx/Drawable.hpp:656:18:virtual void touchgfx::Drawable::setupDrawChain(const touchgfx::Rect&, touchgfx::Drawable**)	0	static
C:/DocHES/Ptr-Sem5/LaboPattern/Lab2_PTR/work/work/ButtonManager/ide-touchgfx-gen/Middlewares/ST/touchgfx/framework/include/touchgfx/Screen.hpp:96:18:virtual void touchgfx::Screen::setupScreen()	0	static
C:/DocHES/Ptr-Sem5/LaboPattern/Lab2_PTR/work/work/ButtonManager/ide-touchgfx-gen/Middlewares/ST/touchgfx/framework/include/touchgfx/Screen.hpp:107:18:virtual void touchgfx::Screen::afterTransition()	0	static
C:/DocHES/Ptr-Sem5/LaboPattern/Lab2_PTR/work/work/ButtonManager/ide-touchgfx-gen/Middlewares/ST/touchgfx/framework/include/touchgfx/Screen.hpp:118:18:virtual void touchgfx::Screen::tearDownScreen()	0	static
C:/DocHES/Ptr-Sem5/LaboPattern/Lab2_PTR/work/work/ButtonManager/ide-touchgfx-gen/Middlewares/ST/touchgfx/framework/include/touchgfx/Screen.hpp:147:18:virtual void touchgfx::Screen::handleTickEvent()	0	static
C:/DocHES/Ptr-Sem5/LaboPattern/Lab2_PTR/work/work/ButtonManager/ide-touchgfx-gen/Middlewares/ST/touchgfx/framework/include/touchgfx/Screen.hpp:157:18:virtual void touchgfx::Screen::handleKeyEvent(uint8_t)	0	static
C:/DocHES/Ptr-Sem5/LaboPattern/Lab2_PTR/work/work/ButtonManager/ide-touchgfx-gen/Middlewares/ST/touchgfx/framework/include/touchgfx/widgets/Widget.hpp:50:18:virtual void touchgfx::Widget::getLastChild(int16_t, int16_t, touchgfx::Drawable**)	0	static
C:/DocHES/Ptr-Sem5/LaboPattern/Lab2_PTR/work/work/ButtonManager/ide-touchgfx-gen/Middlewares/ST/touchgfx/framework/include/touchgfx/TypedText.hpp:68:13:touchgfx::TypedText::~TypedText()	0	static
C:/DocHES/Ptr-Sem5/LaboPattern/Lab2_PTR/work/work/ButtonManager/ide-touchgfx-gen/Middlewares/ST/touchgfx/framework/include/touchgfx/widgets/TextArea.hpp:52:18:virtual touchgfx::Rect touchgfx::TextArea::getSolidRect() const	0	static
C:/DocHES/Ptr-Sem5/LaboPattern/Lab2_PTR/work/work/ButtonManager/ide-touchgfx-gen/Middlewares/ST/touchgfx/framework/include/touchgfx/widgets/TextArea.hpp:119:18:virtual void touchgfx::TextArea::setXBaselineY(int16_t, int16_t)	16	static
C:/DocHES/Ptr-Sem5/LaboPattern/Lab2_PTR/work/work/ButtonManager/ide-touchgfx-gen/Middlewares/ST/touchgfx/framework/include/mvp/View.hpp:40:7:touchgfx::View<TerminalPresenter>::~View()	0	static
C:/DocHES/Ptr-Sem5/LaboPattern/Lab2_PTR/work/work/ButtonManager/ide-touchgfx-gen/TouchGFX/generated/gui_generated/include/gui_generated/terminal_screen/TerminalViewBase.hpp:21:13:TerminalViewBase::~TerminalViewBase()	12	static
C:/DocHES/Ptr-Sem5/LaboPattern/Lab2_PTR/work/work/ButtonManager/ide-touchgfx-gen/TouchGFX/generated/gui_generated/include/gui_generated/terminal_screen/TerminalViewBase.hpp:28:18:virtual void TerminalViewBase::onButtonClearLogTextClicked()	0	static
C:/DocHES/Ptr-Sem5/LaboPattern/Lab2_PTR/work/work/ButtonManager/ide-touchgfx-gen/TouchGFX/generated/gui_generated/src/terminal_screen/TerminalViewBase.cpp:38:6:virtual void TerminalViewBase::setupScreen()	0	static
C:/DocHES/Ptr-Sem5/LaboPattern/Lab2_PTR/work/work/ButtonManager/ide-touchgfx-gen/TouchGFX/generated/gui_generated/src/terminal_screen/TerminalViewBase.cpp:55:6:void TerminalViewBase::buttonCallbackHandler(const touchgfx::AbstractButton&)	8	static
C:/DocHES/Ptr-Sem5/LaboPattern/Lab2_PTR/work/work/ButtonManager/ide-touchgfx-gen/Middlewares/ST/touchgfx/framework/include/touchgfx/Callback.hpp:362:8:touchgfx::Callback<TerminalViewBase, const touchgfx::AbstractButton&>::~Callback()	0	static
C:/DocHES/Ptr-Sem5/LaboPattern/Lab2_PTR/work/work/ButtonManager/ide-touchgfx-gen/Middlewares/ST/touchgfx/framework/include/touchgfx/mixins/MoveAnimator.hpp:39:7:touchgfx::MoveAnimator<touchgfx::TextAreaWithOneWildcard>::~MoveAnimator()	0	static
C:/DocHES/Ptr-Sem5/LaboPattern/Lab2_PTR/work/work/ButtonManager/ide-touchgfx-gen/Middlewares/ST/touchgfx/framework/include/touchgfx/Callback.hpp:392:18:void touchgfx::Callback<dest_type, T1, void, void>::execute(T1) [with dest_type = TerminalViewBase; T1 = const touchgfx::AbstractButton&]	8	static
C:/DocHES/Ptr-Sem5/LaboPattern/Lab2_PTR/work/work/ButtonManager/ide-touchgfx-gen/Middlewares/ST/touchgfx/framework/include/touchgfx/Callback.hpp:402:18:bool touchgfx::Callback<dest_type, T1, void, void>::isValid() const [with dest_type = TerminalViewBase; T1 = const touchgfx::AbstractButton&]	0	static
C:/DocHES/Ptr-Sem5/LaboPattern/Lab2_PTR/work/work/ButtonManager/ide-touchgfx-gen/Middlewares/ST/touchgfx/framework/include/touchgfx/mixins/MoveAnimator.hpp:83:18:void touchgfx::MoveAnimator<T>::setMoveAnimationDelay(uint16_t) [with T = touchgfx::TextAreaWithOneWildcard]	0	static
C:/DocHES/Ptr-Sem5/LaboPattern/Lab2_PTR/work/work/ButtonManager/ide-touchgfx-gen/Middlewares/ST/touchgfx/framework/include/touchgfx/mixins/MoveAnimator.hpp:95:22:uint16_t touchgfx::MoveAnimator<T>::getMoveAnimationDelay() const [with T = touchgfx::TextAreaWithOneWildcard]	0	static
C:/DocHES/Ptr-Sem5/LaboPattern/Lab2_PTR/work/work/ButtonManager/ide-touchgfx-gen/Middlewares/ST/touchgfx/framework/include/touchgfx/TypedText.hpp:68:13:virtual touchgfx::TypedText::~TypedText()	8	static
C:/DocHES/Ptr-Sem5/LaboPattern/Lab2_PTR/work/work/ButtonManager/ide-touchgfx-gen/Middlewares/ST/touchgfx/framework/include/touchgfx/mixins/MoveAnimator.hpp:39:7:virtual touchgfx::MoveAnimator<touchgfx::TextAreaWithOneWildcard>::~MoveAnimator()	8	static
C:/DocHES/Ptr-Sem5/LaboPattern/Lab2_PTR/work/work/ButtonManager/ide-touchgfx-gen/Middlewares/ST/touchgfx/framework/include/touchgfx/Callback.hpp:362:8:virtual touchgfx::Callback<TerminalViewBase, const touchgfx::AbstractButton&>::~Callback()	8	static
C:/DocHES/Ptr-Sem5/LaboPattern/Lab2_PTR/work/work/ButtonManager/ide-touchgfx-gen/Middlewares/ST/touchgfx/framework/include/mvp/View.hpp:40:7:virtual touchgfx::View<TerminalPresenter>::~View()	8	static
C:/DocHES/Ptr-Sem5/LaboPattern/Lab2_PTR/work/work/ButtonManager/ide-touchgfx-gen/Middlewares/ST/touchgfx/framework/include/touchgfx/widgets/TextArea.hpp:103:18:virtual void touchgfx::TextArea::setBaselineY(int16_t)	24	static
C:/DocHES/Ptr-Sem5/LaboPattern/Lab2_PTR/work/work/ButtonManager/ide-touchgfx-gen/Middlewares/ST/touchgfx/framework/include/touchgfx/widgets/TextAreaWithWildcard.hpp:76:22:virtual uint16_t touchgfx::TextAreaWithOneWildcard::getTextWidth() const	32	static
C:/DocHES/Ptr-Sem5/LaboPattern/Lab2_PTR/work/work/ButtonManager/ide-touchgfx-gen/Middlewares/ST/touchgfx/framework/include/touchgfx/widgets/TextAreaWithWildcard.hpp:45:21:virtual int16_t touchgfx::TextAreaWithOneWildcard::getTextHeight()	16	static
C:/DocHES/Ptr-Sem5/LaboPattern/Lab2_PTR/work/work/ButtonManager/ide-touchgfx-gen/TouchGFX/generated/gui_generated/include/gui_generated/terminal_screen/TerminalViewBase.hpp:21:13:virtual TerminalViewBase::~TerminalViewBase()	16	static
C:/DocHES/Ptr-Sem5/LaboPattern/Lab2_PTR/work/work/ButtonManager/ide-touchgfx-gen/TouchGFX/generated/gui_generated/src/terminal_screen/TerminalViewBase.cpp:44:6:virtual void TerminalViewBase::handleKeyEvent(uint8_t)	8	static
C:/DocHES/Ptr-Sem5/LaboPattern/Lab2_PTR/work/work/ButtonManager/ide-touchgfx-gen/Middlewares/ST/touchgfx/framework/include/touchgfx/mixins/MoveAnimator.hpp:164:18:void touchgfx::MoveAnimator<T>::handleTickEvent() [with T = touchgfx::TextAreaWithOneWildcard]	16	static
C:/DocHES/Ptr-Sem5/LaboPattern/Lab2_PTR/work/work/ButtonManager/ide-touchgfx-gen/TouchGFX/generated/gui_generated/src/terminal_screen/TerminalViewBase.cpp:9:1:TerminalViewBase::TerminalViewBase()	96	static
