C:/DocHES/Ptr-Sem5/LaboPattern/Lab2_PTR/work/work/ButtonManager/src/app/buttoneventslogger.cpp:21:15:virtual XFEventStatus ButtonEventsLogger::processEvent()	32	static
C:/DocHES/Ptr-Sem5/LaboPattern/Lab2_PTR/work/work/ButtonManager/src/app/buttoneventslogger.cpp:13:1:ButtonEventsLogger::~ButtonEventsLogger()	8	static
C:/DocHES/Ptr-Sem5/LaboPattern/Lab2_PTR/work/work/ButtonManager/src/app/buttoneventslogger.cpp:13:1:virtual ButtonEventsLogger::~ButtonEventsLogger()	8	static
c:\st\stm32cubeide_1.9.0\stm32cubeide\plugins\com.st.stm32cube.ide.mcu.externaltools.gnu-tools-for-stm32.10.3-2021.10.win32_1.0.0.202111181127\tools\arm-none-eabi\include\c++\10.3.1\bits\basic_string.tcc:206:7:void std::__cxx11::basic_string<_CharT, _Traits, _Alloc>::_M_construct(_InIterator, _InIterator, std::forward_iterator_tag) [with _FwdIterator = char*; _CharT = char; _Traits = std::char_traits<char>; _Alloc = std::allocator<char>]	24	static
C:/DocHES/Ptr-Sem5/LaboPattern/Lab2_PTR/work/work/ButtonManager/src/app/buttoneventslogger.cpp:17:1:ButtonEventsLogger::ButtonEventsLogger(std::string, int)	16	static
