C:/DocHES/Ptr-Sem5/LaboPattern/Lab2_PTR/work/work/ButtonManager/ide-touchgfx-gen/Middlewares/ST/touchgfx/framework/include/touchgfx/canvas_widget_renderer/Scanline.hpp:175:13:touchgfx::Scanline::~Scanline()	0	static
C:/DocHES/Ptr-Sem5/LaboPattern/Lab2_PTR/work/work/ButtonManager/ide-touchgfx-gen/Middlewares/ST/touchgfx/framework/include/touchgfx/canvas_widget_renderer/Scanline.hpp:175:13:virtual touchgfx::Scanline::~Scanline()	8	static
C:/DocHES/Ptr-Sem5/LaboPattern/Lab2_PTR/work/work/ButtonManager/ide-touchgfx-gen/Middlewares/ST/touchgfx/framework/source/touchgfx/widgets/canvas/Canvas.cpp:20:1:touchgfx::Canvas::Canvas(const touchgfx::CanvasWidget*, const touchgfx::Rect&)	56	static
C:/DocHES/Ptr-Sem5/LaboPattern/Lab2_PTR/work/work/ButtonManager/ide-touchgfx-gen/Middlewares/ST/touchgfx/framework/source/touchgfx/widgets/canvas/Canvas.cpp:218:9:uint8_t touchgfx::Canvas::isOutside(const touchgfx::CWRUtil::Q5&, const touchgfx::CWRUtil::Q5&, const touchgfx::CWRUtil::Q5&, const touchgfx::CWRUtil::Q5&) const	0	static
C:/DocHES/Ptr-Sem5/LaboPattern/Lab2_PTR/work/work/ButtonManager/ide-touchgfx-gen/Middlewares/ST/touchgfx/framework/source/touchgfx/widgets/canvas/Canvas.cpp:242:6:void touchgfx::Canvas::transformFrameBufferToDisplay(touchgfx::CWRUtil::Q5&, touchgfx::CWRUtil::Q5&) const	4	static
C:/DocHES/Ptr-Sem5/LaboPattern/Lab2_PTR/work/work/ButtonManager/ide-touchgfx-gen/Middlewares/ST/touchgfx/framework/source/touchgfx/widgets/canvas/Canvas.cpp:137:6:void touchgfx::Canvas::lineTo(touchgfx::CWRUtil::Q5, touchgfx::CWRUtil::Q5)	40	static
C:/DocHES/Ptr-Sem5/LaboPattern/Lab2_PTR/work/work/ButtonManager/ide-touchgfx-gen/Middlewares/ST/touchgfx/framework/source/touchgfx/widgets/canvas/Canvas.cpp:256:6:void touchgfx::Canvas::close()	8	static
C:/DocHES/Ptr-Sem5/LaboPattern/Lab2_PTR/work/work/ButtonManager/ide-touchgfx-gen/Middlewares/ST/touchgfx/framework/source/touchgfx/widgets/canvas/Canvas.cpp:99:6:void touchgfx::Canvas::moveTo(touchgfx::CWRUtil::Q5, touchgfx::CWRUtil::Q5)	40	static
C:/DocHES/Ptr-Sem5/LaboPattern/Lab2_PTR/work/work/ButtonManager/ide-touchgfx-gen/Middlewares/ST/touchgfx/framework/include/touchgfx/canvas_widget_renderer/Rasterizer.hpp:189:10:bool touchgfx::Rasterizer::render(Renderer&) [with Renderer = touchgfx::Renderer]	112	static
C:/DocHES/Ptr-Sem5/LaboPattern/Lab2_PTR/work/work/ButtonManager/ide-touchgfx-gen/Middlewares/ST/touchgfx/framework/source/touchgfx/widgets/canvas/Canvas.cpp:183:6:bool touchgfx::Canvas::render(uint8_t)	24	static
C:/DocHES/Ptr-Sem5/LaboPattern/Lab2_PTR/work/work/ButtonManager/ide-touchgfx-gen/Middlewares/ST/touchgfx/framework/source/touchgfx/widgets/canvas/Canvas.cpp:94:1:touchgfx::Canvas::~Canvas()	8	static
C:/DocHES/Ptr-Sem5/LaboPattern/Lab2_PTR/work/work/ButtonManager/ide-touchgfx-gen/Middlewares/ST/touchgfx/framework/source/touchgfx/widgets/canvas/Canvas.cpp:94:1:virtual touchgfx::Canvas::~Canvas()	8	static
