C:/DocHES/Ptr-Sem5/LaboPattern/Lab2_PTR/work/work/ButtonManager/ide-touchgfx-gen/Middlewares/ST/touchgfx/framework/include/touchgfx/widgets/canvas/AbstractPainter.hpp:97:18:virtual void touchgfx::AbstractPainter::setAlpha(uint8_t)	0	static
C:/DocHES/Ptr-Sem5/LaboPattern/Lab2_PTR/work/work/ButtonManager/ide-touchgfx-gen/Middlewares/ST/touchgfx/framework/include/touchgfx/widgets/canvas/AbstractPainter.hpp:103:21:virtual uint8_t touchgfx::AbstractPainter::getAlpha() const	0	static
C:/DocHES/Ptr-Sem5/LaboPattern/Lab2_PTR/work/work/ButtonManager/ide-touchgfx-gen/Middlewares/ST/touchgfx/framework/source/touchgfx/widgets/canvas/PainterRGBA2222Bitmap.cpp:28:6:virtual void touchgfx::PainterRGBA2222Bitmap::render(uint8_t*, int, int, int, unsigned int, const uint8_t*)	32	static
C:/DocHES/Ptr-Sem5/LaboPattern/Lab2_PTR/work/work/ButtonManager/ide-touchgfx-gen/Middlewares/ST/touchgfx/framework/source/touchgfx/widgets/canvas/PainterRGBA2222Bitmap.cpp:121:6:virtual bool touchgfx::PainterRGBA2222Bitmap::renderNext(uint8_t&, uint8_t&, uint8_t&, uint8_t&)	16	static
C:/DocHES/Ptr-Sem5/LaboPattern/Lab2_PTR/work/work/ButtonManager/ide-touchgfx-gen/Middlewares/ST/touchgfx/framework/include/touchgfx/widgets/canvas/PainterRGBA2222Bitmap.hpp:39:7:touchgfx::PainterRGBA2222Bitmap::~PainterRGBA2222Bitmap()	0	static
C:/DocHES/Ptr-Sem5/LaboPattern/Lab2_PTR/work/work/ButtonManager/ide-touchgfx-gen/Middlewares/ST/touchgfx/framework/source/touchgfx/widgets/canvas/PainterRGBA2222Bitmap.cpp:89:6:virtual bool touchgfx::PainterRGBA2222Bitmap::renderInit()	16	static
C:/DocHES/Ptr-Sem5/LaboPattern/Lab2_PTR/work/work/ButtonManager/ide-touchgfx-gen/Middlewares/ST/touchgfx/framework/include/touchgfx/widgets/canvas/PainterRGBA2222Bitmap.hpp:39:7:virtual touchgfx::PainterRGBA2222Bitmap::~PainterRGBA2222Bitmap()	8	static
C:/DocHES/Ptr-Sem5/LaboPattern/Lab2_PTR/work/work/ButtonManager/ide-touchgfx-gen/Middlewares/ST/touchgfx/framework/source/touchgfx/widgets/canvas/PainterRGBA2222Bitmap.cpp:20:6:void touchgfx::PainterRGBA2222Bitmap::setBitmap(const touchgfx::Bitmap&)	24	static
