C:/DocHES/Ptr-Sem5/LaboPattern/Lab2_PTR/work/work/ButtonManager/ide-touchgfx-gen/Middlewares/ST/touchgfx/framework/include/touchgfx/widgets/canvas/AbstractPainter.hpp:97:18:virtual void touchgfx::AbstractPainter::setAlpha(uint8_t)	0	static
C:/DocHES/Ptr-Sem5/LaboPattern/Lab2_PTR/work/work/ButtonManager/ide-touchgfx-gen/Middlewares/ST/touchgfx/framework/include/touchgfx/widgets/canvas/AbstractPainter.hpp:103:21:virtual uint8_t touchgfx::AbstractPainter::getAlpha() const	0	static
C:/DocHES/Ptr-Sem5/LaboPattern/Lab2_PTR/work/work/ButtonManager/ide-touchgfx-gen/Middlewares/ST/touchgfx/framework/source/touchgfx/widgets/canvas/PainterARGB8888L8Bitmap.cpp:28:6:virtual void touchgfx::PainterARGB8888L8Bitmap::render(uint8_t*, int, int, int, unsigned int, const uint8_t*)	32	static
C:/DocHES/Ptr-Sem5/LaboPattern/Lab2_PTR/work/work/ButtonManager/ide-touchgfx-gen/Middlewares/ST/touchgfx/framework/source/touchgfx/widgets/canvas/PainterARGB8888L8Bitmap.cpp:266:6:virtual bool touchgfx::PainterARGB8888L8Bitmap::renderNext(uint8_t&, uint8_t&, uint8_t&, uint8_t&)	16	static
C:/DocHES/Ptr-Sem5/LaboPattern/Lab2_PTR/work/work/ButtonManager/ide-touchgfx-gen/Middlewares/ST/touchgfx/framework/include/touchgfx/widgets/canvas/PainterARGB8888L8Bitmap.hpp:39:7:touchgfx::PainterARGB8888L8Bitmap::~PainterARGB8888L8Bitmap()	0	static
C:/DocHES/Ptr-Sem5/LaboPattern/Lab2_PTR/work/work/ButtonManager/ide-touchgfx-gen/Middlewares/ST/touchgfx/framework/source/touchgfx/widgets/canvas/PainterARGB8888L8Bitmap.cpp:230:6:virtual bool touchgfx::PainterARGB8888L8Bitmap::renderInit()	16	static
C:/DocHES/Ptr-Sem5/LaboPattern/Lab2_PTR/work/work/ButtonManager/ide-touchgfx-gen/Middlewares/ST/touchgfx/framework/include/touchgfx/widgets/canvas/PainterARGB8888L8Bitmap.hpp:39:7:virtual touchgfx::PainterARGB8888L8Bitmap::~PainterARGB8888L8Bitmap()	8	static
C:/DocHES/Ptr-Sem5/LaboPattern/Lab2_PTR/work/work/ButtonManager/ide-touchgfx-gen/Middlewares/ST/touchgfx/framework/source/touchgfx/widgets/canvas/PainterARGB8888L8Bitmap.cpp:20:6:void touchgfx::PainterARGB8888L8Bitmap::setBitmap(const touchgfx::Bitmap&)	24	static
